
=== TEMPLATE: templates/audit/detail.html ===
55:                  <option value="escalated">{% trans "Escalated" %}</option>
418:        escalated:    this.i18n.statusEscalated,
428:        escalated:    'bg-red-50 text-red-700 border-red-200',
--- render/include references ---
apps/frontend/page_views.py:4867:    return render(request, "audit/detail.html", _ctx(request, "audit", case_id=str(pk)))

=== TEMPLATE: templates/audit/engagements/workspace.html ===
172:        <dt>{% trans "Escalated" %}</dt><dd>{{ overview.gl_findings.escalated|default:0 }}</dd>
--- render/include references ---
apps/frontend/engagement_workspace_views.py:404:    return render(request, "audit/engagements/workspace.html", _ctx(

=== TEMPLATE: templates/audit/evidence/create.html ===
45:        <label>{% trans "GL Finding (needs evidence / escalated)" %}</label>
--- render/include references ---
apps/frontend/evidence_views.py:133:    return render(request, "audit/evidence/create.html", _ctx(

=== TEMPLATE: templates/audit/modules/_shared.html ===
11:  .fstat.escalated{background:#fee2e2;color:#991b1b;}
--- render/include references ---

=== TEMPLATE: templates/invoices/detail.html ===
51:        <button onclick="document.getElementById('escalateModal').dispatchEvent(new Event('open'))" class="inline-flex items-center gap-1.5 rounded-xl border border-amber-400 px-4 py-2.5 text-xs font-semibold text-amber-700 hover:bg-amber-50 dark:border-amber-500 dark:text-amber-400 dark:hover:bg-amber-950/30 shadow-sm">
525:          <button onclick="document.getElementById('escalateModal').dispatchEvent(new Event('open'))" class="inline-flex items-center justify-center gap-2 rounded-xl border border-amber-400 px-4 py-3 text-sm font-semibold text-amber-700 hover:bg-amber-50 dark:border-amber-500 dark:text-amber-400 dark:hover:bg-amber-950/30 shadow-sm">
917:  <div id="escalateModal"
947:            apiFetch('/invoices/{{ invoice.id }}/escalate/', {
952:              notify('{% trans "Invoice escalated for senior review." %}', 'info');
960:                notify('{% trans "Invoice escalated for senior review." %}', 'info');
--- render/include references ---
apps/frontend/frontend_views.py:133:    return render(request, 'invoices/detail.html', ctx)
