........................................................................ [  1%]
.............................................................. [  3%]
........................................................................ [  5%]
.......F................................................................ [  6%]
........................................................................ [  8%]
........................................................................ [ 10%]
........................................................................ [ 12%]
........................................................................ [ 14%]
........................................................................ [ 15%]
........................................................................ [ 17%]
........................................................................ [ 19%]
........................................................................ [ 21%]
........................................................................ [ 22%]
........................................................................ [ 24%]
........................................................................ [ 26%]
........................................................................ [ 28%]
........................................................................ [ 30%]
........................................................................ [ 31%]
........................................................................ [ 33%]
........................................................................ [ 35%]
........................................................................ [ 37%]
........................................................................ [ 38%]
........................................................................ [ 40%]
........................................................................ [ 42%]
........................................................................ [ 44%]
........................................................................ [ 46%]
........................................................................ [ 47%]
........................................................................ [ 49%]
........................................................................ [ 51%]
........................................................................ [ 53%]
........................................................................ [ 54%]
........................................................................ [ 56%]
........................................................................ [ 58%]
........................................................................ [ 60%]
........................................................................ [ 62%]
........................................................................ [ 63%]
........................................................................ [ 65%]
........................................................................ [ 67%]
........................................................................ [ 69%]
........................................................................ [ 71%]
................................................................ [ 72%]
........................................................................ [ 74%]
........................................................................ [ 76%]
........................................................................ [ 77%]
........................................................................ [ 79%]
........................................................................ [ 81%]
........................................................................ [ 83%]
........................................................................ [ 85%]
........................................................................ [ 86%]
........................................................................ [ 88%]
........................................................................ [ 90%]
........................................................................ [ 92%]
........................................................................ [ 93%]
........................................................................ [ 95%]
.....sss...s............................................................ [ 97%]
........................................................................ [ 99%]
............................                                             [100%]
=================================== FAILURES ===================================
_____________________ test_compiled_catalogue_is_not_stale _____________________
tests/test_arabic_coverage.py:156: in test_compiled_catalogue_is_not_stale
    assert mo.stat().st_mtime >= CATALOGUE.stat().st_mtime, (
E   AssertionError: locale/ar/LC_MESSAGES/django.po is newer than django.mo — the Arabic site is still serving the previously compiled strings. Run `manage.py compilemessages -l ar`.
E   assert 1786798525.267301 >= 1786798525.271301
E    +  where 1786798525.267301 = os.stat_result(st_mode=33188, st_ino=232136, st_dev=65024, st_nlink=1, st_uid=1000, st_gid=1000, st_size=419451, st_atime=1786798525, st_mtime=1786798525, st_ctime=1786798525).st_mtime
E    +    where os.stat_result(st_mode=33188, st_ino=232136, st_dev=65024, st_nlink=1, st_uid=1000, st_gid=1000, st_size=419451, st_atime=1786798525, st_mtime=1786798525, st_ctime=1786798525) = stat()
E    +      where stat = PosixPath('/home/ubuntu/tadgeeg-xlsx-keyvalue/locale/ar/LC_MESSAGES/django.mo').stat
E    +  and   1786798525.271301 = os.stat_result(st_mode=33188, st_ino=232137, st_dev=65024, st_nlink=1, st_uid=1000, st_gid=1000, st_size=790526, st_atime=1786798525, st_mtime=1786798525, st_ctime=1786798525).st_mtime
E    +    where os.stat_result(st_mode=33188, st_ino=232137, st_dev=65024, st_nlink=1, st_uid=1000, st_gid=1000, st_size=790526, st_atime=1786798525, st_mtime=1786798525, st_ctime=1786798525) = stat()
E    +      where stat = PosixPath('/home/ubuntu/tadgeeg-xlsx-keyvalue/locale/ar/LC_MESSAGES/django.po').stat
=========================== short test summary info ============================
FAILED tests/test_arabic_coverage.py::test_compiled_catalogue_is_not_stale - ...
1 failed, 4037 passed, 4 skipped, 18 subtests passed in 290.11s (0:04:50)
Sentry is attempting to send 1 pending events
Waiting up to 2 seconds
Press Ctrl-C to quit
